
:MSG:	Issue rclonesync command

../rclonesync.py ./testdir/path1/ ./testdir/path2/ --verbose --workdir ./testwd/ --no-datetime-log --rclone rclone --config /home/cjn/.config/rclone/rclone.conf
***** BiDirectional Sync for Cloud Services using rclone (V2.11 200813) *****
Lock file created: </tmp/rclonesync_LOCK_._testdir_path1_._testdir_path2_>
Synching Path1  <./testdir/path1/>  with Path2  <./testdir/path2/>
Command args: <Path1=./testdir/path1/, Path2=./testdir/path2/, check_access=False, check_filename=RCLONE_TEST, config=/home/cjn/.config/rclone/rclone.conf, dry_run=False, filters_file=None, first_sync=False, force=False, keep_chkfiles=False, max_deletes=50, no_datetime_log=True, rc_verbose=None, rclone=rclone, rclone_args=None, remove_empty_directories=False, verbose=1, workdir=./testwd/>
>>>>> Path1 Checking for Diffs
  Path1      File is newer                     - file2.txt
  Path1      File size is different            - file2.txt
  Path1      File was deleted                  - file4.txt
  Path1      File is newer                     - file5.txt
  Path1      File size is different            - file5.txt
  Path1      File was deleted                  - file6.txt
  Path1      File is newer                     - file7.txt
  Path1      File size is different            - file7.txt
  Path1      File is new                       - file11.txt
     6 file change(s) on Path1:    1 new,    3 newer,    0 older,    2 deleted
>>>>> Path2 Checking for Diffs
  Path2      File is newer                     - file1.txt
  Path2      File size is different            - file1.txt
  Path2      File was deleted                  - file3.txt
  Path2      File is newer                     - file5.txt
  Path2      File size is different            - file5.txt
  Path2      File is newer                     - file6.txt
  Path2      File size is different            - file6.txt
  Path2      File was deleted                  - file7.txt
  Path2      File is new                       - file10.txt
     6 file change(s) on Path2:    1 new,    3 newer,    0 older,    2 deleted
>>>>> Applying changes on Path2 to Path1
  Path2      Copying to Path1                  - ./testdir/path1/file1.txt
  Path2      Copying to Path1                  - ./testdir/path1/file10.txt
  Path1      Deleting file                     - ./testdir/path1/file3.txt
  WARNING    Changed in both Path1 and Path2   - file5.txt
  Path2      Copying to Path1                  - ./testdir/path1/file5.txt_Path2
  Path1      Renaming Path1 copy               - ./testdir/path1/file5.txt_Path1
  WARNING    Deleted on Path1 and also changed on Path2 - file6.txt
  Path2      Copying to Path1                  - ./testdir/path1/file6.txt
>>>>> Synching Path1 to Path2
>>>>> Refreshing Path1 and Path2 lsl files
Lock file removed: </tmp/rclonesync_LOCK_._testdir_path1_._testdir_path2_>
>>>>> Successful run.  All done.

