
:MSG: test_first_sync


:MSG:	File			Path1			Path2			Expected action		Which wins

touch ./tests/test_first_sync/modfiles/fileA.txt --date=2002-02-02
touch ./tests/test_first_sync/modfiles/fileB.txt --date=1999-09-09

:MSG:	file1.txt	    exists			missing			Sync Path1 > Path2	Path1

rclone delete ./testdir/path2/file1.txt

:MSG:	file2.txt		missing			exists			Copy Path2 > Path1	Path2

rclone delete ./testdir/path1/file2.txt

:MSG:	file3.txt		exists			newer date 		Sync Path1 > Path2	Path1

rclone copyto ./tests/test_first_sync/modfiles/fileA.txt ./testdir/path2/file3.txt

:MSG:	file4.txt		missing			newer date		Copy Path2 > Path1	Path2

rclone delete ./testdir/path1/file4.txt
rclone copyto ./tests/test_first_sync/modfiles/fileA.txt ./testdir/path2/file4.txt

:MSG:	file5.txt		exists			older date		Sync Path1 > Path2	Path1

rclone copyto ./tests/test_first_sync/modfiles/fileB.txt ./testdir/path2/file5.txt

:MSG:	file6.txt		older date		newer date		Sync Path1 > Path2	Path1

rclone copyto ./tests/test_first_sync/modfiles/fileB.txt ./testdir/path1/file6.txt
rclone copyto ./tests/test_first_sync/modfiles/fileA.txt ./testdir/path2/file6.txt

:MSG:	file7.txt		exists			exists (same)	None				same


:MSG:	rclonesync --first-sync test run

../rclonesync ./testdir/path1/ ./testdir/path2/ --first-sync --verbose --workdir ./testwd/ --no-datetime-log --no-cleanup --rclone rclone --config /home/cjn/.config/rclone/rclone.conf
***** BiDirectional Sync for Cloud Services using rclone (V3.0 200818) *****
Lock file created: </tmp/rclonesync_LOCK_._testdir_path1_._testdir_path2_>
Synching Path1  <./testdir/path1/>  with Path2  <./testdir/path2/>
Command args: <Path1=./testdir/path1/, Path2=./testdir/path2/, check_access=False, check_filename=RCLONE_TEST, config=/home/cjn/.config/rclone/rclone.conf, dry_run=False, filters_file=None, first_sync=True, force=False, max_deletes=50, no_cleanup=True, no_datetime_log=True, rc_verbose=None, rclone=rclone, rclone_args=None, remove_empty_directories=False, verbose=1, workdir=./testwd/>
>>>>> --first-sync copying any unique Path2 files to Path1
  Path2      --first-sync queue copy to Path1  - file2.txt
  Path2      --first-sync queue copy to Path1  - file4.txt
  Path2      Do queued first-sync copies to    - Path1
>>>>> --first-sync synching Path1 to Path2
>>>>> --first-sync refreshing lsl files
Lock file removed: </tmp/rclonesync_LOCK_._testdir_path1_._testdir_path2_>
>>>>> Successful run.  All done.


:SAVELSL: first_sync


:MSG:	rclonesync non --first-sync test run

../rclonesync ./testdir/path1/ ./testdir/path2/ --verbose --workdir ./testwd/ --no-datetime-log --no-cleanup --rclone rclone --config /home/cjn/.config/rclone/rclone.conf
***** BiDirectional Sync for Cloud Services using rclone (V3.0 200818) *****
Lock file created: </tmp/rclonesync_LOCK_._testdir_path1_._testdir_path2_>
Synching Path1  <./testdir/path1/>  with Path2  <./testdir/path2/>
Command args: <Path1=./testdir/path1/, Path2=./testdir/path2/, check_access=False, check_filename=RCLONE_TEST, config=/home/cjn/.config/rclone/rclone.conf, dry_run=False, filters_file=None, first_sync=False, force=False, max_deletes=50, no_cleanup=True, no_datetime_log=True, rc_verbose=None, rclone=rclone, rclone_args=None, remove_empty_directories=False, verbose=1, workdir=./testwd/>
>>>>> Path1 Checking for Diffs
>>>>> Path2 Checking for Diffs
>>>>> No changes on Path1 or Path2 - Skipping ahead
>>>>> Refreshing Path1 and Path2 lsl files
Lock file removed: </tmp/rclonesync_LOCK_._testdir_path1_._testdir_path2_>
>>>>> Successful run.  All done.

