
:MSG:	Issue rclonesync command

../rclonesync.py ./testdir/path1/ ./testdir/path2/ --verbose --workdir ./testwd/ --no-datetime-log --rclone rclone --config /home/cjn/.config/rclone/rclone.conf
***** BiDirectional Sync for Cloud Services using rclone (V2.11 200813) *****
Lock file created: </tmp/rclonesync_LOCK_._testdir_path1_._testdir_path2_>
Synching Path1  <./testdir/path1/>  with Path2  <./testdir/path2/>
Command args: <Path1=./testdir/path1/, Path2=./testdir/path2/, check_access=False, check_filename=RCLONE_TEST, config=/home/cjn/.config/rclone/rclone.conf, dry_run=False, filters_file=None, first_sync=False, force=False, keep_chkfiles=False, max_deletes=50, no_datetime_log=True, rc_verbose=None, rclone=rclone, rclone_args=None, remove_empty_directories=False, verbose=1, workdir=./testwd/>
>>>>> Path1 Checking for Diffs
  Path1      File was deleted                  - Русский.txt
  Path1      File is new                       - filename_contains_ࢺ_p1m.txt
  Path1      File is new                       - subdir_with_ࢺ_/file_with_測試_.txt
  Path1      File is new                       - subdir_with_ࢺ_/filechangedbothpaths_ࢺ_.txt
  Path1      File is new                       - subdir_with_ࢺ_/mañana_funcionará.txt
  Path1      File is new                       - subdir_with_ࢺ_/test.txt
     6 file change(s) on Path1:    5 new,    0 newer,    0 older,    1 deleted
>>>>> Path2 Checking for Diffs
  Path2      File is newer                     - file_enconde_mañana_funcionará.txt
  Path2      File size is different            - file_enconde_mañana_funcionará.txt
  Path2      File was deleted                  - filename_contains_ࢺ_.txt
  Path2      File was deleted                  - subdir_with_ࢺ_/filename_contains_ě_.txt
  Path2      File is newer                     - Русский.txt
  Path2      File size is different            - Русский.txt
  Path2      File is new                       - New_top_level_mañana_funcionará.txt
  Path2      File is new                       - subdir_with_ࢺ_/filechangedbothpaths_ࢺ_.txt
  Path2      File is new                       - subdir_with_ࢺ_/filename_contains_ࢺ_p2s.txt
     7 file change(s) on Path2:    3 new,    2 newer,    0 older,    2 deleted
>>>>> Applying changes on Path2 to Path1
  Path2      Copying to Path1                  - ./testdir/path1/New_top_level_mañana_funcionará.txt
  Path2      Copying to Path1                  - ./testdir/path1/file_enconde_mañana_funcionará.txt
  Path1      Deleting file                     - ./testdir/path1/filename_contains_ࢺ_.txt
  WARNING    Changed in both Path1 and Path2   - subdir_with_ࢺ_/filechangedbothpaths_ࢺ_.txt
  Path2      Copying to Path1                  - ./testdir/path1/subdir_with_ࢺ_/filechangedbothpaths_ࢺ_.txt_Path2
  Path1      Renaming Path1 copy               - ./testdir/path1/subdir_with_ࢺ_/filechangedbothpaths_ࢺ_.txt_Path1
  Path1      Deleting file                     - ./testdir/path1/subdir_with_ࢺ_/filename_contains_ě_.txt
  Path2      Copying to Path1                  - ./testdir/path1/subdir_with_ࢺ_/filename_contains_ࢺ_p2s.txt
  WARNING    Deleted on Path1 and also changed on Path2 - Русский.txt
  Path2      Copying to Path1                  - ./testdir/path1/Русский.txt
>>>>> Synching Path1 to Path2
>>>>> Refreshing Path1 and Path2 lsl files
Lock file removed: </tmp/rclonesync_LOCK_._testdir_path1_._testdir_path2_>
>>>>> Successful run.  All done.

