
:MSG:	Issue rclonesync command

../rclonesync.py ./testdir/path1/ ./testdir/path2/ --verbose --workdir ./testwd/ --no-datetime-log --rclone rclone --config /home/cjn/.config/rclone/rclone.conf --rclone-args --transfers 1 --syslog --timeout 0m5s --size-only
***** BiDirectional Sync for Cloud Services using rclone (V2.11 200813) *****
Lock file created: </tmp/rclonesync_LOCK_._testdir_path1_._testdir_path2_>
Synching Path1  <./testdir/path1/>  with Path2  <./testdir/path2/>
Command args: <Path1=./testdir/path1/, Path2=./testdir/path2/, check_access=False, check_filename=RCLONE_TEST, config=/home/cjn/.config/rclone/rclone.conf, dry_run=False, filters_file=None, first_sync=False, force=False, keep_chkfiles=False, max_deletes=50, no_datetime_log=True, rc_verbose=None, rclone=rclone, rclone_args==[--transfers 1 --syslog --timeout 0m5s --size-only], remove_empty_directories=False, verbose=1, workdir=./testwd/>
>>>>> Path1 Checking for Diffs
  Path1      File is newer                     - file1.txt
  Path1      File size is different            - file1.txt
  Path1      File is newer                     - subdir/file20.txt
     2 file change(s) on Path1:    0 new,    2 newer,    0 older,    0 deleted
>>>>> Path2 Checking for Diffs
  Path2      File is newer                     - file2.txt
  Path2      File size is different            - file2.txt
  Path2      File is newer                     - subdir/file21.txt
     2 file change(s) on Path2:    0 new,    2 newer,    0 older,    0 deleted
>>>>> Applying changes on Path2 to Path1
  Path2      Copying to Path1                  - ./testdir/path1/file2.txt
  Path2      Copying to Path1                  - ./testdir/path1/subdir/file21.txt
>>>>> Synching Path1 to Path2
>>>>> Refreshing Path1 and Path2 lsl files
Lock file removed: </tmp/rclonesync_LOCK_._testdir_path1_._testdir_path2_>
>>>>> Successful run.  All done.

